<?xml version="1.0" encoding="utf-8"?>
<configuration>

  <appSettings>
	<add key="gameRtAddress" value="someaddress:someport/GameRT/1/3" />
  </appSettings>

</configuration>
