<?xml version="1.0" encoding="utf-8"?>
<configuration>
  <appSettings>
    <add key="app.environment" value="Production" />
    <add key="app.coreDbHost" value="db.bedegaming.com" />
    <add key="app.coreDbUser" value="gambler" />
  </appSettings>
</configuration>